! bilet    SPACJEEEEE     ; bilet    SPACJEEEEE     
! bilet    SPACJEEEEE     ; biletA
! biletD
! biletD
! bilet    SPACJEEEEE     ; biletD
! bilet    SPACJEEEEE     
9